[1/220] idx=1240 CRP src/matmul.cpp:43 '0'->'1' MEASURED 22.6s
[2/220] idx=592 CRP src/forward/forward_sites.cpp:112 '0'->'1' MEASURED 23.1s
[3/220] idx=1863 CRP src/intmath.cpp:258 '1'->'2' MEASURED 22.6s
[4/220] idx=1811 CRP src/intmath.cpp:210 '0'->'1' MEASURED 21.3s
[5/220] idx=1391 ROR src/intmath.cpp:154 '>'->'>=' MEASURED 22.4s
[6/220] idx=58 ROR src/forward/forward_sites.cpp:229 '<'->'<=' BUILD_FAIL 6.2s
[7/220] idx=1913 CRP src/intmath.cpp:368 '1'->'2' MEASURED 21.4s
[8/220] idx=1343 ROR src/intmath.cpp:53 '<'->'<=' MEASURED 21.7s
[9/220] idx=1867 CRP src/intmath.cpp:281 '0'->'1' MEASURED 22.4s
[10/220] idx=608 CRP src/forward/forward_sites.cpp:129 '128'->'129' MEASURED 22.1s
[11/220] idx=1280 CRP src/matmul.cpp:181 '0'->'1' MEASURED 22.4s
[12/220] idx=516 LCR src/forward/forward_sites.cpp:300 '||'->'&&' MEASURED 22.8s
[13/220] idx=784 CRP src/forward/forward_sites.cpp:1207 '1'->'2' MEASURED 23.5s
[14/220] idx=823 SDL src/forward/forward_sites.cpp:875 '\t\t\t\t\tkrec.codes = std::span<const int8_t>(\r\n\t\t\t\t\t    k_store + h * head_dim, head_dim);'->'                                                                                       ' MEASURED 23.1s
[15/220] idx=85 ROR src/forward/forward_sites.cpp:283 '<'->'<=' BUILD_FAIL 6.7s
[16/220] idx=321 SOR src/forward/forward_sites.cpp:79 '>>'->'<<' MEASURED 22.6s
[17/220] idx=795 SDL src/forward/forward_sites.cpp:165 '\troot = root > 1 ? root : 1;'->'                            ' MEASURED 22.3s
[18/220] idx=820 SDL src/forward/forward_sites.cpp:872 '\t\t\t\t\tkrec.x_int = std::span<const int64_t>(k_folded_seg.data(), head_dim);'->'                                                                          ' MEASURED 22.5s
[19/220] idx=1414 ROR src/intmath.cpp:181 '<'->'>' BUILD_FAIL 3.9s
[20/220] idx=601 CRP src/forward/forward_sites.cpp:119 '64'->'63' MEASURED 22.3s
[21/220] idx=201 ROR src/forward/forward_sites.cpp:721 '!='->'==' MEASURED 23.5s
[22/220] idx=843 SDL src/forward/forward_sites.cpp:1188 '\t\tseq.layer_index = 0;'->'                      ' MEASURED 23.6s
[23/220] idx=1760 CRP src/intmath.cpp:93 '64'->'63' MEASURED 23.9s
[24/220] idx=1380 ROR src/intmath.cpp:129 '>'->'<' MEASURED 23.7s
[25/220] idx=327 SOR src/forward/forward_sites.cpp:108 '<<'->'>>' MEASURED 23.2s
[26/220] idx=1192 ROR src/matmul.cpp:188 '<'->'<=' BUILD_FAIL 4.2s
[27/220] idx=1151 ROR src/matmul.cpp:90 '>'->'>=' BUILD_FAIL 4.0s
[28/220] idx=1350 ROR src/intmath.cpp:97 '<'->'>' BUILD_FAIL 3.8s
[29/220] idx=410 AOR src/forward/forward_sites.cpp:371 '*'->'+' BUILD_FAIL 6.2s
[30/220] idx=270 ROR src/forward/forward_sites.cpp:959 '!='->'==' MEASURED 22.2s
[31/220] idx=1857 CRP src/intmath.cpp:252 '62'->'63' MEASURED 23.1s
[32/220] idx=1006 AOR src/forward/checked_chain_funnel.cpp:146 '+'->'-' MEASURED 23.3s
[33/220] idx=972 SOR src/forward/checked_chain_funnel.cpp:214 '<<'->'>>' MEASURED 23.2s
[34/220] idx=420 AOR src/forward/forward_sites.cpp:439 '*'->'+' MEASURED 22.5s
[35/220] idx=988 SAR src/forward/checked_chain_funnel.cpp:146 '32'->'31' MEASURED 22.6s
[36/220] idx=106 ROR src/forward/forward_sites.cpp:317 '<'->'<=' BUILD_FAIL 6.4s
[37/220] idx=1075 CRP src/forward/checked_chain_funnel.cpp:148 '0'->'-1' MEASURED 22.1s
[38/220] idx=87 ROR src/forward/forward_sites.cpp:297 '<'->'<=' BUILD_FAIL 6.3s
[39/220] idx=1589 SAR src/intmath.cpp:64 '32'->'33' MEASURED 22.6s
[40/220] idx=723 CRP src/forward/forward_sites.cpp:652 '0'->'-1' MEASURED 22.2s
[41/220] idx=434 AOR src/forward/forward_sites.cpp:482 '*'->'+' BUILD_FAIL 6.3s
[42/220] idx=1640 AOR src/intmath.cpp:48 '-'->'+' MEASURED 22.2s
[43/220] idx=373 AOR src/forward/forward_sites.cpp:93 '+'->'-' MEASURED 22.7s
[44/220] idx=1084 CRP src/forward/checked_chain_funnel.cpp:174 '0'->'1' MEASURED 23.0s
[45/220] idx=1944 CRP src/intmath.cpp:588 '0'->'-1' MEASURED 23.4s
[46/220] idx=917 ROR src/forward/checked_chain_funnel.cpp:214 '>'->'>=' MEASURED 22.7s
[47/220] idx=1443 ROR src/intmath.cpp:262 '<'->'>' BUILD_FAIL 3.8s
[48/220] idx=1943 CRP src/intmath.cpp:588 '0'->'1' MEASURED 22.4s
[49/220] idx=706 CRP src/forward/forward_sites.cpp:453 '0'->'1' MEASURED 23.0s
[50/220] idx=1541 ROR src/intmath.cpp:627 '>'->'<' MEASURED 23.4s
[51/220] idx=1179 ROR src/matmul.cpp:152 '>'->'<' MEASURED 22.7s
[52/220] idx=1580 SOR src/intmath.cpp:355 '>>'->'<<' MEASURED 23.3s
[53/220] idx=2028 CRP src/silu_lut.cpp:40 '0'->'-1' MEASURED 23.3s
[54/220] idx=13 ROR src/forward/forward_sites.cpp:98 '<'->'>' MEASURED 23.2s
[55/220] idx=632 CRP src/forward/forward_sites.cpp:164 '2'->'3' MEASURED 24.5s
[56/220] idx=1576 SOR src/intmath.cpp:236 '<<'->'>>' MEASURED 22.9s
[57/220] idx=606 CRP src/forward/forward_sites.cpp:128 '0'->'1' MEASURED 23.2s
[58/220] idx=664 CRP src/forward/forward_sites.cpp:300 '0'->'1' MEASURED 23.4s
[59/220] idx=840 SDL src/forward/forward_sites.cpp:1071 '\t\t\tbest_value = logits[i];'->'                          ' MEASURED 22.4s
[60/220] idx=933 ROR src/forward/checked_chain_funnel.cpp:304 '<'->'>' MEASURED 22.0s
[61/220] idx=617 CRP src/forward/forward_sites.cpp:130 '64'->'63' MEASURED 22.2s
[62/220] idx=1624 SAR src/intmath.cpp:224 '31'->'30' MEASURED 22.2s
[63/220] idx=1753 CRP src/intmath.cpp:91 '0'->'1' MEASURED 22.6s
[64/220] idx=128 ROR src/forward/forward_sites.cpp:418 '<'->'<=' BUILD_FAIL 6.4s
[65/220] idx=1139 ROR src/matmul.cpp:43 '<'->'>' MEASURED 22.7s
[66/220] idx=1112 SDL src/forward/checked_chain_funnel.cpp:251 '\t\tfold_in_domain = CarriedScaleMantissaFitsInt32(running);'->'                                                          ' MEASURED 22.4s
[67/220] idx=1673 AOR src/intmath.cpp:219 '*'->'+' MEASURED 22.8s
[68/220] idx=871 ROR src/forward/checked_chain_funnel.cpp:119 '>='->'>' MEASURED 22.9s
[69/220] idx=508 AOR src/forward/forward_sites.cpp:1197 '+'->'-' MEASURED 21.9s
[70/220] idx=1712 AOR src/intmath.cpp:532 '+'->'-' MEASURED 21.7s
[71/220] idx=311 ROR src/forward/forward_sites.cpp:1238 '=='->'!=' MEASURED 21.7s
[72/220] idx=1383 ROR src/intmath.cpp:138 '<'->'<=' BUILD_FAIL 3.8s
[73/220] idx=1900 CRP src/intmath.cpp:349 '0'->'-1' MEASURED 22.3s
[74/220] idx=805 SDL src/forward/forward_sites.cpp:326 '\t\t*out_saturation_count += 1;'->'                             ' MEASURED 21.8s
[75/220] idx=459 AOR src/forward/forward_sites.cpp:805 '*'->'+' MEASURED 22.1s
[76/220] idx=1578 SOR src/intmath.cpp:329 '<<'->'>>' MEASURED 22.2s
[77/220] idx=1740 CRP src/intmath.cpp:67 '32'->'31' MEASURED 22.3s
[78/220] idx=821 SDL src/forward/forward_sites.cpp:873 '\t\t\t\t\tkrec.m_in = normed_scale.m;'->'                                ' MEASURED 23.1s
[79/220] idx=1672 AOR src/intmath.cpp:209 '-'->'+' MEASURED 22.3s
[80/220] idx=1939 CRP src/intmath.cpp:582 '0'->'1' MEASURED 23.9s
[81/220] idx=208 ROR src/forward/forward_sites.cpp:733 '>'->'<' MEASURED 21.3s
[82/220] idx=659 CRP src/forward/forward_sites.cpp:281 '127'->'126' MEASURED 21.8s
[83/220] idx=667 CRP src/forward/forward_sites.cpp:300 '0'->'-1' MEASURED 21.3s
[84/220] idx=236 ROR src/forward/forward_sites.cpp:836 '<'->'<=' MEASURED 21.4s
[85/220] idx=888 ROR src/forward/checked_chain_funnel.cpp:139 '<'->'>' MEASURED 21.3s
[86/220] idx=616 CRP src/forward/forward_sites.cpp:130 '64'->'65' MEASURED 21.5s
[87/220] idx=967 SOR src/forward/checked_chain_funnel.cpp:144 '>>'->'<<' MEASURED 21.8s
[88/220] idx=1164 ROR src/matmul.cpp:109 '<'->'<=' BUILD_FAIL 4.0s
[89/220] idx=185 ROR src/forward/forward_sites.cpp:612 '<'->'>' BUILD_FAIL 6.3s
[90/220] idx=536 LCR src/forward/forward_sites.cpp:825 '&&'->'||' MEASURED 23.0s
[91/220] idx=1612 SAR src/intmath.cpp:153 '30'->'29' MEASURED 22.9s
[92/220] idx=1586 SAR src/intmath.cpp:49 '1'->'0' MEASURED 22.1s
[93/220] idx=1714 AOR src/intmath.cpp:539 '*'->'+' BUILD_FAIL 3.8s
[94/220] idx=1719 LCR src/intmath.cpp:580 '&&'->'||' MEASURED 22.3s
[95/220] idx=168 ROR src/forward/forward_sites.cpp:511 '<'->'<=' MEASURED 22.2s
[96/220] idx=944 ROR src/forward/checked_chain_funnel.cpp:373 '>'->'>=' MEASURED 22.2s
[97/220] idx=1557 SOR src/intmath.cpp:87 '<<'->'>>' MEASURED 22.4s
[98/220] idx=1657 AOR src/intmath.cpp:102 '+'->'-' MEASURED 23.0s
[99/220] idx=1225 AOR src/matmul.cpp:186 '+'->'-' MEASURED 23.3s
[100/220] idx=1987 ROR src/silu_lut.cpp:20 '<'->'>' BUILD_FAIL 4.1s
[101/220] idx=66 ROR src/forward/forward_sites.cpp:233 '<'->'<=' BUILD_FAIL 6.9s
[102/220] idx=724 CRP src/forward/forward_sites.cpp:655 '1'->'2' MEASURED 24.2s
[103/220] idx=816 SDL src/forward/forward_sites.cpp:856 '\t\t\t\t\t\tv_folded_seg[d] = vf;'->'                           ' MEASURED 23.5s
[104/220] idx=175 ROR src/forward/forward_sites.cpp:524 '<'->'>' BUILD_FAIL 6.6s
[105/220] idx=2023 CRP src/silu_lut.cpp:39 '2'->'3' MEASURED 23.5s
[106/220] idx=1730 CRP src/intmath.cpp:63 '32'->'31' MEASURED 25.3s
[107/220] idx=837 SDL src/forward/forward_sites.cpp:918 '\t\t\tst = CheckSoftmaxRowWidthDomain(lw.q_b_iexp, lw.q_c_iexp, width);'->'                                                                    ' MEASURED 23.5s
[108/220] idx=309 ROR src/forward/forward_sites.cpp:1237 '<'->'<=' MEASURED 24.8s
[109/220] idx=1026 AOR src/forward/checked_chain_funnel.cpp:445 '/'->'*' MEASURED 29.2s
[110/220] idx=845 SDL src/forward/forward_sites.cpp:1225 '\t\tst = LogitsSite(final_codes.data(), hidden_size, head_weights, vocab_size,\r\n\t\t                wide_logits.data(), logit_row.data());'->'                                                                                                                                      ' MEASURED 26.0s
[111/220] idx=1755 CRP src/intmath.cpp:92 '64'->'65' MEASURED 26.1s
[112/220] idx=248 ROR src/forward/forward_sites.cpp:884 '<'->'<=' BUILD_FAIL 7.5s
[113/220] idx=767 CRP src/forward/forward_sites.cpp:1069 '1'->'0' MEASURED 25.8s
[114/220] idx=1832 CRP src/intmath.cpp:220 '17'->'16' MEASURED 25.0s
[115/220] idx=1316 ROR src/intmath.cpp:23 '<'->'<=' BUILD_FAIL 4.1s
[116/220] idx=302 ROR src/forward/forward_sites.cpp:1197 '<'->'>' MEASURED 25.2s
[117/220] idx=1253 CRP src/matmul.cpp:88 '8'->'7' MEASURED 23.6s
[118/220] idx=1674 AOR src/intmath.cpp:219 '+'->'-' MEASURED 24.5s
[119/220] idx=29 ROR src/forward/forward_sites.cpp:160 '<'->'>' BUILD_FAIL 6.6s
[120/220] idx=637 CRP src/forward/forward_sites.cpp:165 '1'->'0' MEASURED 24.6s
[121/220] idx=755 CRP src/forward/forward_sites.cpp:921 '0'->'-1' MEASURED 24.0s
[122/220] idx=1141 ROR src/matmul.cpp:44 '<'->'>' BUILD_FAIL 4.3s
[123/220] idx=1 ROR src/forward/forward_sites.cpp:23 '<'->'>' BUILD_FAIL 6.7s
[124/220] idx=340 SAR src/forward/forward_sites.cpp:77 '32'->'33' MEASURED 23.9s
[125/220] idx=799 SDL src/forward/forward_sites.cpp:283 '\t\traw = static_cast<int64_t>(quotient.lo);'->'                                          ' MEASURED 23.5s
[126/220] idx=370 AOR src/forward/forward_sites.cpp:82 '+'->'-' MEASURED 23.2s
[127/220] idx=227 ROR src/forward/forward_sites.cpp:807 '<'->'<=' BUILD_FAIL 6.3s
[128/220] idx=264 ROR src/forward/forward_sites.cpp:937 '<'->'>' MEASURED 22.4s
[129/220] idx=114 ROR src/forward/forward_sites.cpp:341 '>'->'>=' MEASURED 23.4s
[130/220] idx=1570 SOR src/intmath.cpp:210 '<<'->'>>' MEASURED 22.6s
[131/220] idx=771 CRP src/forward/forward_sites.cpp:1136 '0'->'-1' MEASURED 21.8s
[132/220] idx=152 ROR src/forward/forward_sites.cpp:453 '>='->'>' MEASURED 22.7s
[133/220] idx=1003 AOR src/forward/checked_chain_funnel.cpp:143 '*'->'+' MEASURED 22.6s
[134/220] idx=704 CRP src/forward/forward_sites.cpp:440 '1'->'2' MEASURED 23.0s
[135/220] idx=1553 SOR src/intmath.cpp:67 '<<'->'>>' MEASURED 22.0s
[136/220] idx=1949 CRP src/intmath.cpp:613 '0'->'1' MEASURED 22.0s
[137/220] idx=1704 AOR src/intmath.cpp:453 '+'->'-' MEASURED 21.9s
[138/220] idx=572 CRP src/forward/forward_sites.cpp:82 '32'->'33' MEASURED 22.1s
[139/220] idx=1667 AOR src/intmath.cpp:166 '-'->'+' MEASURED 22.2s
[140/220] idx=707 CRP src/forward/forward_sites.cpp:453 '0'->'-1' MEASURED 21.9s
[141/220] idx=57 ROR src/forward/forward_sites.cpp:228 '!='->'==' MEASURED 21.7s
[142/220] idx=1653 AOR src/intmath.cpp:83 '+'->'-' MEASURED 21.6s
[143/220] idx=1545 SOR src/intmath.cpp:43 '>>'->'<<' MEASURED 21.9s
[144/220] idx=895 ROR src/forward/checked_chain_funnel.cpp:148 '<'->'<=' MEASURED 21.7s
[145/220] idx=1608 SAR src/intmath.cpp:87 '1'->'0' MEASURED 21.6s
[146/220] idx=1785 CRP src/intmath.cpp:168 '1'->'2' MEASURED 23.0s
[147/220] idx=1827 CRP src/intmath.cpp:220 '32'->'33' MEASURED 23.3s
[148/220] idx=1429 ROR src/intmath.cpp:235 '<'->'>' MEASURED 22.9s
[149/220] idx=429 AOR src/forward/forward_sites.cpp:456 '*'->'+' MEASURED 23.1s
[150/220] idx=14 ROR src/forward/forward_sites.cpp:106 '<='->'<' MEASURED 22.7s
[151/220] idx=1629 SAR src/intmath.cpp:350 '62'->'63' MEASURED 21.9s
[152/220] idx=39 ROR src/forward/forward_sites.cpp:170 '<'->'>' BUILD_FAIL 6.2s
[153/220] idx=1370 ROR src/intmath.cpp:115 '<'->'<=' MEASURED 22.5s
[154/220] idx=333 SOR src/forward/forward_sites.cpp:120 '<<'->'>>' MEASURED 22.2s
[155/220] idx=1049 CRP src/forward/checked_chain_funnel.cpp:134 '0'->'-1' BUILD_FAIL 5.8s
[156/220] idx=1702 AOR src/intmath.cpp:450 '*'->'+' MEASURED 21.3s
[157/220] idx=1128 SDL src/forward/checked_chain_funnel.cpp:300 '\tRowBoundsWide(wide_row, n, &row_max, &row_min);'->'                                                ' MEASURED 21.1s
[158/220] idx=1142 ROR src/matmul.cpp:44 '<'->'<=' BUILD_FAIL 3.9s
[159/220] idx=743 CRP src/forward/forward_sites.cpp:765 '0'->'-1' MEASURED 21.3s
[160/220] idx=1519 ROR src/intmath.cpp:531 '<'->'<=' BUILD_FAIL 3.7s
[161/220] idx=233 ROR src/forward/forward_sites.cpp:826 '!='->'==' MEASURED 21.5s
[162/220] idx=1121 SDL src/forward/checked_chain_funnel.cpp:285 '\t\trecord.r = r;'->'               ' MEASURED 22.2s
[163/220] idx=1637 AOR src/intmath.cpp:41 '+'->'-' MEASURED 21.1s
[164/220] idx=744 CRP src/forward/forward_sites.cpp:781 '0'->'1' MEASURED 22.1s
[165/220] idx=1854 CRP src/intmath.cpp:238 '1'->'0' MEASURED 22.1s
[166/220] idx=1487 ROR src/intmath.cpp:351 '<'->'<=' MEASURED 22.6s
[167/220] idx=150 ROR src/forward/forward_sites.cpp:453 '<'->'<=' MEASURED 22.7s
[168/220] idx=96 ROR src/forward/forward_sites.cpp:305 '!='->'==' MEASURED 23.2s
[169/220] idx=570 CRP src/forward/forward_sites.cpp:82 '32'->'33' MEASURED 23.4s
[170/220] idx=239 ROR src/forward/forward_sites.cpp:848 '<'->'>' BUILD_FAIL 6.6s
[171/220] idx=923 ROR src/forward/checked_chain_funnel.cpp:277 '!='->'==' MEASURED 22.9s
[172/220] idx=663 CRP src/forward/forward_sites.cpp:299 '128'->'127' MEASURED 23.6s
[173/220] idx=864 ROR src/forward/checked_chain_funnel.cpp:102 '<'->'>' BUILD_FAIL 6.0s
[174/220] idx=558 CRP src/forward/forward_sites.cpp:78 '32'->'33' MEASURED 23.0s
[175/220] idx=134 ROR src/forward/forward_sites.cpp:423 '<'->'<=' BUILD_FAIL 6.5s
[176/220] idx=652 CRP src/forward/forward_sites.cpp:257 '0'->'1' MEASURED 22.6s
[177/220] idx=136 ROR src/forward/forward_sites.cpp:433 '<'->'<=' MEASURED 22.2s
[178/220] idx=1068 CRP src/forward/checked_chain_funnel.cpp:146 '32'->'33' MEASURED 22.3s
[179/220] idx=1067 CRP src/forward/checked_chain_funnel.cpp:145 '32'->'31' MEASURED 22.3s
[180/220] idx=568 CRP src/forward/forward_sites.cpp:82 '32'->'33' MEASURED 21.4s
[181/220] idx=220 ROR src/forward/forward_sites.cpp:782 '<'->'>' MEASURED 21.4s
[182/220] idx=440 AOR src/forward/forward_sites.cpp:557 '*'->'+' BUILD_FAIL 6.2s
[183/220] idx=1907 CRP src/intmath.cpp:355 '1'->'2' MEASURED 21.2s
[1/35] idx=641 CRP src/forward/forward_sites.cpp:170 '2'->'1' MEASURED 21.9s
[2/35] idx=924 ROR src/forward/checked_chain_funnel.cpp:281 '<'->'<=' BUILD_FAIL 5.9s
[3/35] idx=1061 CRP src/forward/checked_chain_funnel.cpp:143 '32'->'31' MEASURED 22.2s
[4/35] idx=1001 AOR src/forward/checked_chain_funnel.cpp:141 '*'->'+' MEASURED 22.3s
[5/35] idx=354 SAR src/forward/forward_sites.cpp:82 '32'->'33' MEASURED 22.6s
[6/35] idx=1947 CRP src/intmath.cpp:604 '0'->'1' MEASURED 23.5s
[7/35] idx=1462 ROR src/intmath.cpp:294 '<'->'<=' BUILD_FAIL 3.9s
[8/35] idx=230 ROR src/forward/forward_sites.cpp:825 '!='->'==' MEASURED 23.1s
[9/35] idx=1000 AOR src/forward/checked_chain_funnel.cpp:140 '*'->'+' MEASURED 22.4s
[10/35] idx=286 ROR src/forward/forward_sites.cpp:1135 '<'->'<=' MEASURED 21.2s
[11/35] idx=1941 CRP src/intmath.cpp:582 '0'->'1' MEASURED 21.6s
[12/35] idx=1659 AOR src/intmath.cpp:116 '+'->'-' MEASURED 22.0s
[13/35] idx=123 ROR src/forward/forward_sites.cpp:414 '>'->'<' MEASURED 26.3s
[14/35] idx=2024 CRP src/silu_lut.cpp:39 '2'->'1' MEASURED 23.1s
[15/35] idx=497 AOR src/forward/forward_sites.cpp:1118 '*'->'+' BUILD_FAIL 6.5s
[16/35] idx=1388 ROR src/intmath.cpp:152 '<'->'>' BUILD_FAIL 4.0s
[17/35] idx=587 CRP src/forward/forward_sites.cpp:108 '64'->'63' MEASURED 22.3s
[18/35] idx=719 CRP src/forward/forward_sites.cpp:625 '1'->'0' BUILD_FAIL 6.2s
[19/35] idx=1066 CRP src/forward/checked_chain_funnel.cpp:145 '32'->'33' MEASURED 22.3s
[20/35] idx=245 ROR src/forward/forward_sites.cpp:872 '<'->'>' BUILD_FAIL 6.2s
[21/35] idx=1397 ROR src/intmath.cpp:165 '>'->'>=' BUILD_FAIL 3.8s
[22/35] idx=6 ROR src/forward/forward_sites.cpp:52 '<'->'<=' MEASURED 21.8s
[23/35] idx=1893 CRP src/intmath.cpp:329 '1'->'2' MEASURED 21.8s
[24/35] idx=471 AOR src/forward/forward_sites.cpp:889 '+'->'-' MEASURED 22.5s
[25/35] idx=336 SOR src/forward/forward_sites.cpp:131 '<<'->'>>' MEASURED 23.1s
[26/35] idx=660 CRP src/forward/forward_sites.cpp:282 '0'->'1' MEASURED 23.5s
[27/35] idx=865 ROR src/forward/checked_chain_funnel.cpp:103 '<'->'<=' BUILD_FAIL 6.0s
[28/35] idx=1481 ROR src/intmath.cpp:333 '<'->'<=' BUILD_FAIL 4.0s
[29/35] idx=331 SOR src/forward/forward_sites.cpp:119 '>>'->'<<' MEASURED 23.0s
[30/35] idx=1341 ROR src/intmath.cpp:51 '<'->'<=' MEASURED 23.1s
[31/35] idx=1310 ROR src/intmath.cpp:21 '>'->'>=' MEASURED 22.9s
[32/35] idx=1406 ROR src/intmath.cpp:167 '>'->'<' BUILD_FAIL 4.0s
[33/35] idx=156 ROR src/forward/forward_sites.cpp:458 '<'->'>' MEASURED 23.0s
[34/35] idx=1129 SDL src/forward/checked_chain_funnel.cpp:311 '\tNarrowAccumulatorToI32(wide_row, n, out_i32);'->'                                              ' MEASURED 23.1s
[35/35] idx=1322 ROR src/intmath.cpp:38 '<'->'<=' MEASURED 23.0s
